// Jest Snapshot v1, https://goo.gl/fbAQLP

exports[`<CardLabel /> SnapShot 1`] = `
<div>
  <div
    class="sc-dnqmqq jPDSAr"
  >
    <span
      class="sc-iwsKbI hdcvZB"
      data-testid="genre"
    >
      35/18/10749
    </span>
    <a
      class="sc-gZMcBi cVhhuH"
      data-testid="title"
    >
      Dilwale Dulhania Le Jayenge
    </a>
  </div>
</div>
`;
