// Jest Snapshot v1, https://goo.gl/fbAQLP

exports[`<CardWidget /> snapshot 1`] = `
<div>
  <div
    class="sc-bdVaJa kHfmhG"
  >
    <div
      class="sc-bwzfXH fNOhzS"
    >
      2020년 1분기 기대신작 애니
      <a
        class="sc-htpNat gcCwzB"
        href="/theme"
      >
        더보기
      </a>
    </div>
  </div>
</div>
`;
