// Jest Snapshot v1, https://goo.gl/fbAQLP

exports[`Card Component Card SnapShot 1`] = `
<div>
  <div
    class="sc-jTzLTM gEiCHi"
    data-testid="margin-test"
  >
    
    <div
      class="sc-jzJRlG lhwmZp"
    >
      <img
        alt="no image"
        class="sc-cSHVUG dvKLDq"
        src="https://image.tmdb.org/t/p/w500//2CAL2433ZeIihfX1Hb2139CX0pW.jpg"
      />
    </div>
  </div>
</div>
`;
